ASxxxx Linker V03.00/V05.40 + sdld,  page 1.
Hexadecimal  [32-Bits]

Area                                    Addr        Size        Decimal Bytes (Attributes)
--------------------------------        ----        ----        ------- ----- ------------
.  .ABS.                            00000000    00000000 =           0. bytes (ABS,CON)

      Value  Global                              Global Defined In Module
      -----  --------------------------------   ------------------------
     00000000  .__.ABS.                           strlen
     00000000  l_CABS                          
     00000000  l_DABS                          
     00000000  l_DATA                          
     00000000  l_INITIALIZED                   
     00000000  l_INITIALIZER                   
     00000000  l_OSEG                          
     00000000  l_RSEG                          
     00000000  l_RSEG0                         
     00000000  l__CODE                         
     00000000  s_DABS                          
     00000000  s_DATA                          
     00000000  s_INITIALIZED                   
     00000000  s_OSEG                          
     00000000  s_RSEG                          
     00000000  s_RSEG0                         
     00000000  s_SSEG                          
     00000000  s__CODE                         
     00000001  l_SSEG                          
     00000002  l_GSFINAL                       
     00000018  l_HOME                          
     00000066  l_GSINIT                        
     00000201  _PORTB                             sdcc_hello
     0000020C  _TIMER1_CTRL                       sdcc_hello
     00000210  _UART_RXTX                         sdcc_hello
     00000211  _UART_STATUS                       sdcc_hello
     000005C0  l_CONST                         
     0000124A  l_CODE                          

ASxxxx Linker V03.00/V05.40 + sdld,  page 2.
Hexadecimal  [32-Bits]

Area                                    Addr        Size        Decimal Bytes (Attributes)
--------------------------------        ----        ----        ------- ----- ------------
SSEG                                00000000    00000001 =           1. bytes (REL,CON)

      Value  Global                              Global Defined In Module
      -----  --------------------------------   ------------------------
ASxxxx Linker V03.00/V05.40 + sdld,  page 3.
Hexadecimal  [32-Bits]

Area                                    Addr        Size        Decimal Bytes (Attributes)
--------------------------------        ----        ----        ------- ----- ------------
HOME                                00000000    00000018 =          24. bytes (REL,CON,CODE)

      Value  Global                              Global Defined In Module
      -----  --------------------------------   ------------------------
C:   00000000  s_HOME                          

ASxxxx Linker V03.00/V05.40 + sdld,  page 4.
Hexadecimal  [32-Bits]

Area                                    Addr        Size        Decimal Bytes (Attributes)
--------------------------------        ----        ----        ------- ----- ------------
GSINIT                              00000018    00000066 =         102. bytes (REL,CON,CODE)

      Value  Global                              Global Defined In Module
      -----  --------------------------------   ------------------------
C:   00000018  __sdcc_gsinit_startup              sdcc_hello
C:   00000018  s_GSINIT                        

ASxxxx Linker V03.00/V05.40 + sdld,  page 5.
Hexadecimal  [32-Bits]

Area                                    Addr        Size        Decimal Bytes (Attributes)
--------------------------------        ----        ----        ------- ----- ------------
GSFINAL                             0000007E    00000002 =           2. bytes (REL,CON,CODE)

      Value  Global                              Global Defined In Module
      -----  --------------------------------   ------------------------
C:   0000007E  s_GSFINAL                       

ASxxxx Linker V03.00/V05.40 + sdld,  page 6.
Hexadecimal  [32-Bits]

Area                                    Addr        Size        Decimal Bytes (Attributes)
--------------------------------        ----        ----        ------- ----- ------------
CODE                                00000080    0000124A =        4682. bytes (REL,CON,CODE)

      Value  Global                              Global Defined In Module
      -----  --------------------------------   ------------------------
C:   00000080  _putchar                           sdcc_hello
C:   00000080  s_CODE                          
C:   0000011A  _main                              sdcc_hello
C:   000001DC  ___sdcc_external_startup           _startup
C:   000001FE  _vprintf                           vprintf
C:   0000023E  _printf                            vprintf
C:   000004FE  __print_format                     printf_large
C:   0000127C  _strlen                            strlen

ASxxxx Linker V03.00/V05.40 + sdld,  page 7.
Hexadecimal  [32-Bits]

Area                                    Addr        Size        Decimal Bytes (Attributes)
--------------------------------        ----        ----        ------- ----- ------------
CONST                               000012CC    000005C0 =        1472. bytes (REL,CON,CODE)

      Value  Global                              Global Defined In Module
      -----  --------------------------------   ------------------------
C:   000012CC  s_CONST                         

ASxxxx Linker V03.00/V05.40 + sdld,  page 8.
Hexadecimal  [32-Bits]

Area                                    Addr        Size        Decimal Bytes (Attributes)
--------------------------------        ----        ----        ------- ----- ------------
INITIALIZER                         0000188C    00000000 =           0. bytes (REL,CON,CODE)

      Value  Global                              Global Defined In Module
      -----  --------------------------------   ------------------------
C:   0000188C  s_INITIALIZER                   

ASxxxx Linker V03.00/V05.40 + sdld,  page 9.
Hexadecimal  [32-Bits]

Area                                    Addr        Size        Decimal Bytes (Attributes)
--------------------------------        ----        ----        ------- ----- ------------
CABS                                00000000    00000000 =           0. bytes (ABS,CON,CODE)

      Value  Global                              Global Defined In Module
      -----  --------------------------------   ------------------------
C:   00000000  s_CABS                          

ASxxxx Linker V03.00/V05.40 + sdld,  page 10.

Files Linked                              [ module(s) ]

sdcc_hello.rel                            [ sdcc_hello ]


Libraries Linked                          [ object file ]

/Users/Ken2/projects/lisa/lisa-tools/sdcc-lisa/build/src/../share/sdcc/lib/lisa/lisa.lib
                                          [ _startup ]
/Users/Ken2/projects/lisa/lisa-tools/sdcc-lisa/build/src/../share/sdcc/lib/lisa/lisa.lib
                                          [ vprintf ]
/Users/Ken2/projects/lisa/lisa-tools/sdcc-lisa/build/src/../share/sdcc/lib/lisa/lisa.lib
                                          [ printf_large ]
/Users/Ken2/projects/lisa/lisa-tools/sdcc-lisa/build/src/../share/sdcc/lib/lisa/lisa.lib
                                          [ strlen ]

ASxxxx Linker V03.00/V05.40 + sdld,  page 11.

User Base Address Definitions

HOME = 0x0000

